nohup: ignoring input
Using device: cuda
Detected 2 categories; setting num_classes=2
Training on 42000 images from train set
Epoch 1 [1/10500] loss=0.8413 avg=0.8413 ETA ~551m 49s (ETA UTC 12:54:38)
Epoch 1 [2/10500] loss=0.6150 avg=0.7281 ETA ~81m 57s (ETA UTC 05:04:47)
Epoch 1 [3/10500] loss=0.2735 avg=0.5766 ETA ~25m 37s (ETA UTC 04:08:27)
Epoch 1 [4/10500] loss=0.2898 avg=0.5049 ETA ~41m 34s (ETA UTC 04:24:25)
Epoch 1 [5/10500] loss=1.3440 avg=0.6727 ETA ~33m 20s (ETA UTC 04:16:12)
Epoch 1 [6/10500] loss=0.2317 avg=0.5992 ETA ~27m 41s (ETA UTC 04:10:34)
Epoch 1 [7/10500] loss=0.3322 avg=0.5611 ETA ~23m 49s (ETA UTC 04:06:43)
Epoch 1 [8/10500] loss=0.5062 avg=0.5542 ETA ~20m 49s (ETA UTC 04:03:44)
Epoch 1 [9/10500] loss=0.3670 avg=0.5334 ETA ~18m 18s (ETA UTC 04:01:14)
Epoch 1 [10/10500] loss=0.4527 avg=0.5254 ETA ~16m 29s (ETA UTC 03:59:26)
Epoch 1 [200/10500] loss=0.2525 avg=0.3231 ETA ~160m 55s (ETA UTC 06:26:59)
Epoch 1 [400/10500] loss=0.1791 avg=0.3006 ETA ~172m 50s (ETA UTC 06:42:20)
Epoch 1 [600/10500] loss=0.2164 avg=0.2870 ETA ~170m 42s (ETA UTC 06:43:39)
Epoch 1 [800/10500] loss=0.1784 avg=0.2760 ETA ~167m 51s (ETA UTC 06:44:15)
Epoch 1 [1000/10500] loss=0.1554 avg=0.2677 ETA ~164m 40s (ETA UTC 06:44:33)
Saved mid-epoch checkpoint: /home/Yash/Code/tracking_baseline/train/runs/frcnn/model_epoch1_step1000.pth
Epoch 1 [1200/10500] loss=0.1711 avg=0.2595 ETA ~162m 36s (ETA UTC 06:45:59)
Epoch 1 [1400/10500] loss=0.3303 avg=0.2541 ETA ~157m 26s (ETA UTC 06:44:16)
Epoch 1 [1600/10500] loss=0.2314 avg=0.2501 ETA ~154m 4s (ETA UTC 06:44:22)
Epoch 1 [1800/10500] loss=0.1442 avg=0.2465 ETA ~150m 26s (ETA UTC 06:44:12)
Epoch 1 [2000/10500] loss=0.2043 avg=0.2433 ETA ~146m 31s (ETA UTC 06:43:43)
Saved mid-epoch checkpoint: /home/Yash/Code/tracking_baseline/train/runs/frcnn/model_epoch1_step2000.pth
Epoch 1 [2200/10500] loss=0.1957 avg=0.2402 ETA ~143m 37s (ETA UTC 06:44:17)
Epoch 1 [2400/10500] loss=0.1239 avg=0.2373 ETA ~140m 17s (ETA UTC 06:44:25)
Epoch 1 [2600/10500] loss=0.1912 avg=0.2347 ETA ~136m 5s (ETA UTC 06:43:40)
Epoch 1 [2800/10500] loss=0.2164 avg=0.2323 ETA ~132m 37s (ETA UTC 06:43:38)
Epoch 1 [3000/10500] loss=0.2250 avg=0.2308 ETA ~129m 27s (ETA UTC 06:43:55)
Saved mid-epoch checkpoint: /home/Yash/Code/tracking_baseline/train/runs/frcnn/model_epoch1_step3000.pth
Epoch 1 [3200/10500] loss=0.1532 avg=0.2289 ETA ~126m 27s (ETA UTC 06:44:23)
Epoch 1 [3400/10500] loss=0.2203 avg=0.2270 ETA ~122m 31s (ETA UTC 06:43:54)
Epoch 1 [3600/10500] loss=0.2664 avg=0.2255 ETA ~118m 56s (ETA UTC 06:43:46)
Epoch 1 [3800/10500] loss=0.2345 avg=0.2242 ETA ~115m 34s (ETA UTC 06:43:51)
Epoch 1 [4000/10500] loss=0.2922 avg=0.2229 ETA ~112m 3s (ETA UTC 06:43:47)
Saved mid-epoch checkpoint: /home/Yash/Code/tracking_baseline/train/runs/frcnn/model_epoch1_step4000.pth
Epoch 1 [4200/10500] loss=0.1363 avg=0.2217 ETA ~108m 57s (ETA UTC 06:44:08)
Epoch 1 [4400/10500] loss=0.1744 avg=0.2204 ETA ~105m 17s (ETA UTC 06:43:55)
Epoch 1 [4600/10500] loss=0.1109 avg=0.2186 ETA ~101m 50s (ETA UTC 06:43:56)
Epoch 1 [4800/10500] loss=0.1741 avg=0.2172 ETA ~98m 39s (ETA UTC 06:44:13)
Epoch 1 [5000/10500] loss=0.1387 avg=0.2158 ETA ~94m 46s (ETA UTC 06:43:46)
Saved mid-epoch checkpoint: /home/Yash/Code/tracking_baseline/train/runs/frcnn/model_epoch1_step5000.pth
Epoch 1 [5200/10500] loss=0.3226 avg=0.2146 ETA ~91m 37s (ETA UTC 06:44:05)
Epoch 1 [5400/10500] loss=0.2881 avg=0.2136 ETA ~88m 12s (ETA UTC 06:44:07)
Epoch 1 [5600/10500] loss=0.1470 avg=0.2123 ETA ~84m 52s (ETA UTC 06:44:15)
Epoch 1 [5800/10500] loss=0.1170 avg=0.2111 ETA ~81m 23s (ETA UTC 06:44:13)
Epoch 1 [6000/10500] loss=0.1184 avg=0.2101 ETA ~77m 31s (ETA UTC 06:43:48)
Saved mid-epoch checkpoint: /home/Yash/Code/tracking_baseline/train/runs/frcnn/model_epoch1_step6000.pth
Epoch 1 [6200/10500] loss=0.2406 avg=0.2094 ETA ~74m 27s (ETA UTC 06:44:13)
Epoch 1 [6400/10500] loss=0.1622 avg=0.2084 ETA ~70m 41s (ETA UTC 06:43:53)
Epoch 1 [6600/10500] loss=0.2943 avg=0.2074 ETA ~67m 23s (ETA UTC 06:44:03)
Epoch 1 [6800/10500] loss=0.2183 avg=0.2065 ETA ~63m 59s (ETA UTC 06:44:06)
Epoch 1 [7000/10500] loss=0.1841 avg=0.2055 ETA ~60m 26s (ETA UTC 06:44:00)
Saved mid-epoch checkpoint: /home/Yash/Code/tracking_baseline/train/runs/frcnn/model_epoch1_step7000.pth
Epoch 1 [7200/10500] loss=0.1601 avg=0.2046 ETA ~56m 57s (ETA UTC 06:43:59)
Epoch 1 [7400/10500] loss=0.1306 avg=0.2038 ETA ~53m 32s (ETA UTC 06:44:01)
Epoch 1 [7600/10500] loss=0.1892 avg=0.2028 ETA ~50m 11s (ETA UTC 06:44:07)
Epoch 1 [7800/10500] loss=0.1565 avg=0.2020 ETA ~46m 39s (ETA UTC 06:44:03)
Epoch 1 [8000/10500] loss=0.2192 avg=0.2015 ETA ~43m 15s (ETA UTC 06:44:06)
Saved mid-epoch checkpoint: /home/Yash/Code/tracking_baseline/train/runs/frcnn/model_epoch1_step8000.pth
Epoch 1 [8200/10500] loss=0.1048 avg=0.2009 ETA ~39m 45s (ETA UTC 06:44:04)
Epoch 1 [8400/10500] loss=0.3932 avg=0.2004 ETA ~36m 15s (ETA UTC 06:44:01)
Epoch 1 [8600/10500] loss=0.1104 avg=0.1994 ETA ~32m 53s (ETA UTC 06:44:06)
Epoch 1 [8800/10500] loss=0.1270 avg=0.1988 ETA ~29m 22s (ETA UTC 06:44:03)
Epoch 1 [9000/10500] loss=0.1828 avg=0.1984 ETA ~25m 57s (ETA UTC 06:44:05)
Saved mid-epoch checkpoint: /home/Yash/Code/tracking_baseline/train/runs/frcnn/model_epoch1_step9000.pth
Epoch 1 [9200/10500] loss=0.1700 avg=0.1978 ETA ~22m 32s (ETA UTC 06:44:09)
Epoch 1 [9400/10500] loss=0.1319 avg=0.1971 ETA ~19m 1s (ETA UTC 06:44:06)
Epoch 1 [9600/10500] loss=0.2048 avg=0.1966 ETA ~15m 32s (ETA UTC 06:44:04)
Epoch 1 [9800/10500] loss=0.2029 avg=0.1961 ETA ~12m 6s (ETA UTC 06:44:06)
Epoch 1 [10000/10500] loss=0.1612 avg=0.1957 ETA ~8m 38s (ETA UTC 06:44:04)
Saved mid-epoch checkpoint: /home/Yash/Code/tracking_baseline/train/runs/frcnn/model_epoch1_step10000.pth
Epoch 1 [10200/10500] loss=0.1769 avg=0.1953 ETA ~5m 12s (ETA UTC 06:44:08)
Epoch 1 [10400/10500] loss=0.2134 avg=0.1949 ETA ~1m 43s (ETA UTC 06:44:06)
Epoch 1 done in 10880.1s; avg loss 0.1946
Saved checkpoint: /home/Yash/Code/tracking_baseline/train/runs/frcnn/model_epoch1.pth
Epoch 2 [1/10500] loss=0.1170 avg=0.1170 ETA ~172m 11s (ETA UTC 09:36:19)
Epoch 2 [2/10500] loss=0.1571 avg=0.1370 ETA ~90m 13s (ETA UTC 08:14:22)
Epoch 2 [3/10500] loss=0.1394 avg=0.1378 ETA ~59m 58s (ETA UTC 07:44:08)
Epoch 2 [4/10500] loss=0.1556 avg=0.1423 ETA ~45m 20s (ETA UTC 07:29:31)
Epoch 2 [5/10500] loss=0.1841 avg=0.1506 ETA ~36m 7s (ETA UTC 07:20:19)
Epoch 2 [6/10500] loss=0.1424 avg=0.1493 ETA ~30m 16s (ETA UTC 07:14:29)
Epoch 2 [7/10500] loss=0.1226 avg=0.1454 ETA ~25m 51s (ETA UTC 07:10:06)
Epoch 2 [8/10500] loss=0.1528 avg=0.1464 ETA ~22m 37s (ETA UTC 07:06:52)
Epoch 2 [9/10500] loss=0.2017 avg=0.1525 ETA ~34m 54s (ETA UTC 07:19:11)
Epoch 2 [10/10500] loss=0.3687 avg=0.1741 ETA ~18m 1s (ETA UTC 07:02:19)
Epoch 2 [200/10500] loss=0.1557 avg=0.1601 ETA ~169m 16s (ETA UTC 09:36:51)
Epoch 2 [400/10500] loss=0.1650 avg=0.1604 ETA ~174m 57s (ETA UTC 09:46:00)
Epoch 2 [600/10500] loss=0.1508 avg=0.1620 ETA ~170m 36s (ETA UTC 09:45:06)
Epoch 2 [800/10500] loss=0.1776 avg=0.1627 ETA ~167m 40s (ETA UTC 09:45:37)
Epoch 2 [1000/10500] loss=0.1204 avg=0.1612 ETA ~163m 58s (ETA UTC 09:45:22)
Saved mid-epoch checkpoint: /home/Yash/Code/tracking_baseline/train/runs/frcnn/model_epoch2_step1000.pth
Epoch 2 [1200/10500] loss=0.1780 avg=0.1613 ETA ~161m 1s (ETA UTC 09:45:53)
Epoch 2 [1400/10500] loss=0.1932 avg=0.1616 ETA ~157m 24s (ETA UTC 09:45:44)
Epoch 2 [1600/10500] loss=0.1354 avg=0.1614 ETA ~153m 37s (ETA UTC 09:45:24)
Epoch 2 [1800/10500] loss=0.2317 avg=0.1612 ETA ~150m 7s (ETA UTC 09:45:21)
Epoch 2 [2000/10500] loss=0.1482 avg=0.1611 ETA ~146m 49s (ETA UTC 09:45:31)
Saved mid-epoch checkpoint: /home/Yash/Code/tracking_baseline/train/runs/frcnn/model_epoch2_step2000.pth
Epoch 2 [2200/10500] loss=0.1396 avg=0.1610 ETA ~144m 2s (ETA UTC 09:46:11)
Epoch 2 [2400/10500] loss=0.0687 avg=0.1611 ETA ~139m 38s (ETA UTC 09:45:14)
Epoch 2 [2600/10500] loss=0.1341 avg=0.1609 ETA ~136m 16s (ETA UTC 09:45:19)
Epoch 2 [2800/10500] loss=0.1673 avg=0.1612 ETA ~132m 41s (ETA UTC 09:45:11)
Epoch 2 [3000/10500] loss=0.2185 avg=0.1609 ETA ~129m 13s (ETA UTC 09:45:10)
Saved mid-epoch checkpoint: /home/Yash/Code/tracking_baseline/train/runs/frcnn/model_epoch2_step3000.pth
Epoch 2 [3200/10500] loss=0.1168 avg=0.1606 ETA ~126m 18s (ETA UTC 09:45:42)
Epoch 2 [3400/10500] loss=0.1189 avg=0.1611 ETA ~122m 11s (ETA UTC 09:45:02)
Epoch 2 [3600/10500] loss=0.1618 avg=0.1607 ETA ~118m 51s (ETA UTC 09:45:09)
Epoch 2 [3800/10500] loss=0.1647 avg=0.1604 ETA ~115m 25s (ETA UTC 09:45:09)
Epoch 2 [4000/10500] loss=0.2467 avg=0.1605 ETA ~111m 46s (ETA UTC 09:44:57)
Saved mid-epoch checkpoint: /home/Yash/Code/tracking_baseline/train/runs/frcnn/model_epoch2_step4000.pth
Epoch 2 [4200/10500] loss=0.2046 avg=0.1605 ETA ~108m 44s (ETA UTC 09:45:22)
Epoch 2 [4400/10500] loss=0.1517 avg=0.1602 ETA ~104m 57s (ETA UTC 09:45:01)
Epoch 2 [4600/10500] loss=0.1397 avg=0.1601 ETA ~101m 33s (ETA UTC 09:45:04)
Epoch 2 [4800/10500] loss=0.1021 avg=0.1599 ETA ~98m 1s (ETA UTC 09:44:59)
Epoch 2 [5000/10500] loss=0.2530 avg=0.1597 ETA ~94m 43s (ETA UTC 09:45:07)
Saved mid-epoch checkpoint: /home/Yash/Code/tracking_baseline/train/runs/frcnn/model_epoch2_step5000.pth
Epoch 2 [5200/10500] loss=0.1367 avg=0.1597 ETA ~91m 42s (ETA UTC 09:45:34)
Epoch 2 [5400/10500] loss=0.2302 avg=0.1599 ETA ~87m 49s (ETA UTC 09:45:08)
Epoch 2 [5600/10500] loss=0.1756 avg=0.1597 ETA ~84m 25s (ETA UTC 09:45:11)
Epoch 2 [5800/10500] loss=0.1422 avg=0.1597 ETA ~80m 44s (ETA UTC 09:44:56)
Epoch 2 [6000/10500] loss=0.1962 avg=0.1595 ETA ~77m 33s (ETA UTC 09:45:12)
Saved mid-epoch checkpoint: /home/Yash/Code/tracking_baseline/train/runs/frcnn/model_epoch2_step6000.pth
Epoch 2 [6200/10500] loss=0.1227 avg=0.1595 ETA ~74m 26s (ETA UTC 09:45:32)
Epoch 2 [6400/10500] loss=0.2505 avg=0.1592 ETA ~70m 32s (ETA UTC 09:45:04)
Epoch 2 [6600/10500] loss=0.2093 avg=0.1592 ETA ~67m 11s (ETA UTC 09:45:10)
Epoch 2 [6800/10500] loss=0.4790 avg=0.1593 ETA ~63m 44s (ETA UTC 09:45:10)
Epoch 2 [7000/10500] loss=0.1608 avg=0.1592 ETA ~60m 10s (ETA UTC 09:45:02)
Saved mid-epoch checkpoint: /home/Yash/Code/tracking_baseline/train/runs/frcnn/model_epoch2_step7000.pth
Epoch 2 [7200/10500] loss=0.0934 avg=0.1592 ETA ~56m 57s (ETA UTC 09:45:17)
Epoch 2 [7400/10500] loss=0.1257 avg=0.1593 ETA ~53m 18s (ETA UTC 09:45:04)
Epoch 2 [7600/10500] loss=0.1328 avg=0.1594 ETA ~49m 52s (ETA UTC 09:45:04)
Epoch 2 [7800/10500] loss=0.1578 avg=0.1595 ETA ~46m 27s (ETA UTC 09:45:05)
Epoch 2 [8000/10500] loss=0.1102 avg=0.1595 ETA ~43m 5s (ETA UTC 09:45:10)
Saved mid-epoch checkpoint: /home/Yash/Code/tracking_baseline/train/runs/frcnn/model_epoch2_step8000.pth
Epoch 2 [8200/10500] loss=0.1234 avg=0.1594 ETA ~39m 41s (ETA UTC 09:45:13)
Epoch 2 [8400/10500] loss=0.1585 avg=0.1596 ETA ~36m 5s (ETA UTC 09:45:03)
Epoch 2 [8600/10500] loss=0.1683 avg=0.1595 ETA ~32m 38s (ETA UTC 09:45:03)
Epoch 2 [8800/10500] loss=0.1330 avg=0.1593 ETA ~29m 13s (ETA UTC 09:45:04)
Epoch 2 [9000/10500] loss=0.1433 avg=0.1595 ETA ~25m 44s (ETA UTC 09:45:02)
Saved mid-epoch checkpoint: /home/Yash/Code/tracking_baseline/train/runs/frcnn/model_epoch2_step9000.pth
Epoch 2 [9200/10500] loss=0.1448 avg=0.1593 ETA ~22m 29s (ETA UTC 09:45:13)
Epoch 2 [9400/10500] loss=0.1511 avg=0.1591 ETA ~18m 55s (ETA UTC 09:45:06)
Epoch 2 [9600/10500] loss=0.1477 avg=0.1589 ETA ~15m 28s (ETA UTC 09:45:06)
Epoch 2 [9800/10500] loss=0.1953 avg=0.1589 ETA ~12m 1s (ETA UTC 09:45:05)
Epoch 2 [10000/10500] loss=0.1031 avg=0.1590 ETA ~8m 35s (ETA UTC 09:45:05)
Saved mid-epoch checkpoint: /home/Yash/Code/tracking_baseline/train/runs/frcnn/model_epoch2_step10000.pth
Epoch 2 [10200/10500] loss=0.0944 avg=0.1590 ETA ~5m 10s (ETA UTC 09:45:07)
Epoch 2 [10400/10500] loss=0.1472 avg=0.1588 ETA ~1m 43s (ETA UTC 09:45:06)
Epoch 2 done in 10859.6s; avg loss 0.1588
Saved checkpoint: /home/Yash/Code/tracking_baseline/train/runs/frcnn/model_epoch2.pth
Epoch 3 [1/10500] loss=0.1232 avg=0.1232 ETA ~194m 2s (ETA UTC 12:59:11)
Epoch 3 [2/10500] loss=0.1691 avg=0.1461 ETA ~89m 41s (ETA UTC 11:14:50)
Epoch 3 [3/10500] loss=0.2728 avg=0.1883 ETA ~59m 33s (ETA UTC 10:44:44)
Epoch 3 [4/10500] loss=0.3201 avg=0.2213 ETA ~44m 40s (ETA UTC 10:29:51)
Epoch 3 [5/10500] loss=0.0734 avg=0.1917 ETA ~35m 50s (ETA UTC 10:21:03)
Epoch 3 [6/10500] loss=0.0735 avg=0.1720 ETA ~30m 7s (ETA UTC 10:15:20)
Epoch 3 [7/10500] loss=0.0745 avg=0.1581 ETA ~25m 36s (ETA UTC 10:10:51)
Epoch 3 [8/10500] loss=0.1609 avg=0.1584 ETA ~22m 22s (ETA UTC 10:07:38)
Epoch 3 [9/10500] loss=0.0854 avg=0.1503 ETA ~19m 54s (ETA UTC 10:05:11)
Epoch 3 [10/10500] loss=0.1408 avg=0.1494 ETA ~22m 22s (ETA UTC 10:07:40)
Epoch 3 [200/10500] loss=0.0548 avg=0.1302 ETA ~168m 7s (ETA UTC 12:36:41)
Epoch 3 [400/10500] loss=0.0995 avg=0.1305 ETA ~173m 57s (ETA UTC 12:45:58)
Epoch 3 [600/10500] loss=0.1122 avg=0.1295 ETA ~170m 19s (ETA UTC 12:45:46)
Epoch 3 [800/10500] loss=0.0819 avg=0.1290 ETA ~167m 5s (ETA UTC 12:45:59)
Epoch 3 [1000/10500] loss=0.1360 avg=0.1285 ETA ~163m 28s (ETA UTC 12:45:48)
Saved mid-epoch checkpoint: /home/Yash/Code/tracking_baseline/train/runs/frcnn/model_epoch3_step1000.pth
Epoch 3 [1200/10500] loss=0.1098 avg=0.1279 ETA ~160m 23s (ETA UTC 12:46:10)
Epoch 3 [1400/10500] loss=0.1292 avg=0.1272 ETA ~156m 43s (ETA UTC 12:45:57)
Epoch 3 [1600/10500] loss=0.1359 avg=0.1271 ETA ~153m 12s (ETA UTC 12:45:53)
Epoch 3 [1800/10500] loss=0.1812 avg=0.1259 ETA ~149m 38s (ETA UTC 12:45:45)
Epoch 3 [2000/10500] loss=0.0812 avg=0.1256 ETA ~146m 16s (ETA UTC 12:45:50)
Saved mid-epoch checkpoint: /home/Yash/Code/tracking_baseline/train/runs/frcnn/model_epoch3_step2000.pth
Epoch 3 [2200/10500] loss=0.1223 avg=0.1256 ETA ~143m 22s (ETA UTC 12:46:23)
Epoch 3 [2400/10500] loss=0.1445 avg=0.1251 ETA ~139m 19s (ETA UTC 12:45:46)
Epoch 3 [2600/10500] loss=0.1350 avg=0.1251 ETA ~136m 8s (ETA UTC 12:46:02)
Epoch 3 [2800/10500] loss=0.0736 avg=0.1250 ETA ~132m 41s (ETA UTC 12:46:02)
Epoch 3 [3000/10500] loss=0.0971 avg=0.1251 ETA ~129m 12s (ETA UTC 12:45:59)
Saved mid-epoch checkpoint: /home/Yash/Code/tracking_baseline/train/runs/frcnn/model_epoch3_step3000.pth
Epoch 3 [3200/10500] loss=0.0587 avg=0.1247 ETA ~126m 5s (ETA UTC 12:46:19)
Epoch 3 [3400/10500] loss=0.0664 avg=0.1244 ETA ~122m 16s (ETA UTC 12:45:58)
Epoch 3 [3600/10500] loss=0.1424 avg=0.1242 ETA ~118m 45s (ETA UTC 12:45:53)
Epoch 3 [3800/10500] loss=0.1246 avg=0.1240 ETA ~115m 21s (ETA UTC 12:45:55)
Epoch 3 [4000/10500] loss=0.1066 avg=0.1237 ETA ~111m 58s (ETA UTC 12:45:59)
Saved mid-epoch checkpoint: /home/Yash/Code/tracking_baseline/train/runs/frcnn/model_epoch3_step4000.pth
Epoch 3 [4200/10500] loss=0.1046 avg=0.1235 ETA ~108m 52s (ETA UTC 12:46:20)
Epoch 3 [4400/10500] loss=0.1253 avg=0.1237 ETA ~104m 57s (ETA UTC 12:45:52)
Epoch 3 [4600/10500] loss=0.0932 avg=0.1234 ETA ~101m 37s (ETA UTC 12:45:59)
Epoch 3 [4800/10500] loss=0.0791 avg=0.1236 ETA ~98m 10s (ETA UTC 12:45:59)
Epoch 3 [5000/10500] loss=0.1035 avg=0.1236 ETA ~94m 54s (ETA UTC 12:46:09)
Saved mid-epoch checkpoint: /home/Yash/Code/tracking_baseline/train/runs/frcnn/model_epoch3_step5000.pth
Epoch 3 [5200/10500] loss=0.1397 avg=0.1235 ETA ~91m 47s (ETA UTC 12:46:30)
Epoch 3 [5400/10500] loss=0.1324 avg=0.1233 ETA ~87m 46s (ETA UTC 12:45:56)
Epoch 3 [5600/10500] loss=0.0601 avg=0.1233 ETA ~84m 16s (ETA UTC 12:45:52)
Epoch 3 [5800/10500] loss=0.1464 avg=0.1234 ETA ~80m 58s (ETA UTC 12:46:01)
Epoch 3 [6000/10500] loss=0.1475 avg=0.1233 ETA ~77m 32s (ETA UTC 12:46:02)
Saved mid-epoch checkpoint: /home/Yash/Code/tracking_baseline/train/runs/frcnn/model_epoch3_step6000.pth
Epoch 3 [6200/10500] loss=0.0914 avg=0.1232 ETA ~74m 31s (ETA UTC 12:46:29)
Epoch 3 [6400/10500] loss=0.1781 avg=0.1231 ETA ~70m 40s (ETA UTC 12:46:05)
Epoch 3 [6600/10500] loss=0.2320 avg=0.1233 ETA ~67m 9s (ETA UTC 12:46:00)
Epoch 3 [6800/10500] loss=0.1322 avg=0.1232 ETA ~63m 45s (ETA UTC 12:46:03)
Epoch 3 [7000/10500] loss=0.1007 avg=0.1231 ETA ~60m 22s (ETA UTC 12:46:07)
Saved mid-epoch checkpoint: /home/Yash/Code/tracking_baseline/train/runs/frcnn/model_epoch3_step7000.pth
Epoch 3 [7200/10500] loss=0.0969 avg=0.1233 ETA ~57m 11s (ETA UTC 12:46:24)
Epoch 3 [7400/10500] loss=0.1046 avg=0.1232 ETA ~53m 35s (ETA UTC 12:46:16)
Epoch 3 [7600/10500] loss=0.1401 avg=0.1232 ETA ~50m 9s (ETA UTC 12:46:17)
Epoch 3 [7800/10500] loss=0.0802 avg=0.1232 ETA ~46m 38s (ETA UTC 12:46:13)
Epoch 3 [8000/10500] loss=0.0601 avg=0.1232 ETA ~43m 7s (ETA UTC 12:46:09)
Saved mid-epoch checkpoint: /home/Yash/Code/tracking_baseline/train/runs/frcnn/model_epoch3_step8000.pth
Epoch 3 [8200/10500] loss=0.1598 avg=0.1231 ETA ~39m 44s (ETA UTC 12:46:13)
Epoch 3 [8400/10500] loss=0.1478 avg=0.1230 ETA ~36m 12s (ETA UTC 12:46:09)
Epoch 3 [8600/10500] loss=0.1333 avg=0.1229 ETA ~32m 47s (ETA UTC 12:46:11)
Epoch 3 [8800/10500] loss=0.1163 avg=0.1229 ETA ~29m 19s (ETA UTC 12:46:09)
Epoch 3 [9000/10500] loss=0.0652 avg=0.1228 ETA ~25m 49s (ETA UTC 12:46:07)
Saved mid-epoch checkpoint: /home/Yash/Code/tracking_baseline/train/runs/frcnn/model_epoch3_step9000.pth
Epoch 3 [9200/10500] loss=0.1335 avg=0.1226 ETA ~22m 31s (ETA UTC 12:46:16)
Epoch 3 [9400/10500] loss=0.1424 avg=0.1225 ETA ~19m 1s (ETA UTC 12:46:13)
Epoch 3 [9600/10500] loss=0.0580 avg=0.1224 ETA ~15m 33s (ETA UTC 12:46:13)
Epoch 3 [9800/10500] loss=0.0726 avg=0.1223 ETA ~12m 5s (ETA UTC 12:46:12)
Epoch 3 [10000/10500] loss=0.1231 avg=0.1223 ETA ~8m 38s (ETA UTC 12:46:13)
Saved mid-epoch checkpoint: /home/Yash/Code/tracking_baseline/train/runs/frcnn/model_epoch3_step10000.pth
Epoch 3 [10200/10500] loss=0.0880 avg=0.1222 ETA ~5m 12s (ETA UTC 12:46:15)
Epoch 3 [10400/10500] loss=0.1382 avg=0.1223 ETA ~1m 43s (ETA UTC 12:46:13)
Epoch 3 done in 10866.1s; avg loss 0.1222
Saved checkpoint: /home/Yash/Code/tracking_baseline/train/runs/frcnn/model_epoch3.pth
Epoch 4 [1/10500] loss=0.0672 avg=0.0672 ETA ~165m 16s (ETA UTC 15:31:31)
Epoch 4 [2/10500] loss=0.1386 avg=0.1029 ETA ~90m 24s (ETA UTC 14:16:41)
Epoch 4 [3/10500] loss=0.1357 avg=0.1138 ETA ~60m 24s (ETA UTC 13:46:41)
Epoch 4 [4/10500] loss=0.1220 avg=0.1159 ETA ~45m 9s (ETA UTC 13:31:27)
Epoch 4 [5/10500] loss=0.1466 avg=0.1220 ETA ~36m 7s (ETA UTC 13:22:26)
Epoch 4 [6/10500] loss=0.1230 avg=0.1222 ETA ~30m 8s (ETA UTC 13:16:29)
Epoch 4 [7/10500] loss=0.0424 avg=0.1108 ETA ~26m 1s (ETA UTC 13:12:22)
Epoch 4 [8/10500] loss=0.0909 avg=0.1083 ETA ~22m 28s (ETA UTC 13:08:51)
Epoch 4 [9/10500] loss=0.1134 avg=0.1089 ETA ~20m 5s (ETA UTC 13:06:29)
Epoch 4 [10/10500] loss=0.1157 avg=0.1095 ETA ~18m 14s (ETA UTC 13:04:39)
Epoch 4 [200/10500] loss=0.1519 avg=0.1167 ETA ~169m 25s (ETA UTC 15:39:07)
Epoch 4 [400/10500] loss=0.1158 avg=0.1169 ETA ~174m 28s (ETA UTC 15:47:37)
Epoch 4 [600/10500] loss=0.0845 avg=0.1178 ETA ~170m 54s (ETA UTC 15:47:31)
Epoch 4 [800/10500] loss=0.1328 avg=0.1153 ETA ~167m 3s (ETA UTC 15:47:06)
Epoch 4 [1000/10500] loss=0.1060 avg=0.1166 ETA ~163m 22s (ETA UTC 15:46:51)
Saved mid-epoch checkpoint: /home/Yash/Code/tracking_baseline/train/runs/frcnn/model_epoch4_step1000.pth
Epoch 4 [1200/10500] loss=0.1000 avg=0.1169 ETA ~160m 32s (ETA UTC 15:47:29)
Epoch 4 [1400/10500] loss=0.0865 avg=0.1174 ETA ~156m 29s (ETA UTC 15:46:52)
Epoch 4 [1600/10500] loss=0.1136 avg=0.1174 ETA ~152m 55s (ETA UTC 15:46:44)
Epoch 4 [1800/10500] loss=0.1177 avg=0.1172 ETA ~149m 34s (ETA UTC 15:46:50)
Epoch 4 [2000/10500] loss=0.0841 avg=0.1170 ETA ~146m 4s (ETA UTC 15:46:46)
Saved mid-epoch checkpoint: /home/Yash/Code/tracking_baseline/train/runs/frcnn/model_epoch4_step2000.pth
Epoch 4 [2200/10500] loss=0.0927 avg=0.1163 ETA ~143m 30s (ETA UTC 15:47:39)
Epoch 4 [2400/10500] loss=0.1007 avg=0.1162 ETA ~139m 15s (ETA UTC 15:46:51)
Epoch 4 [2600/10500] loss=0.1594 avg=0.1163 ETA ~135m 46s (ETA UTC 15:46:47)
Epoch 4 [2800/10500] loss=0.2067 avg=0.1164 ETA ~132m 33s (ETA UTC 15:47:01)
Epoch 4 [3000/10500] loss=0.2705 avg=0.1166 ETA ~129m 6s (ETA UTC 15:47:01)
Saved mid-epoch checkpoint: /home/Yash/Code/tracking_baseline/train/runs/frcnn/model_epoch4_step3000.pth
Epoch 4 [3200/10500] loss=0.1043 avg=0.1167 ETA ~126m 19s (ETA UTC 15:47:42)
Epoch 4 [3400/10500] loss=0.0660 avg=0.1170 ETA ~122m 21s (ETA UTC 15:47:10)
Epoch 4 [3600/10500] loss=0.1362 avg=0.1170 ETA ~118m 47s (ETA UTC 15:47:03)
Epoch 4 [3800/10500] loss=0.0907 avg=0.1168 ETA ~115m 35s (ETA UTC 15:47:18)
Epoch 4 [4000/10500] loss=0.1339 avg=0.1170 ETA ~112m 9s (ETA UTC 15:47:19)
Saved mid-epoch checkpoint: /home/Yash/Code/tracking_baseline/train/runs/frcnn/model_epoch4_step4000.pth
Epoch 4 [4200/10500] loss=0.0863 avg=0.1167 ETA ~108m 39s (ETA UTC 15:47:16)
Epoch 4 [4400/10500] loss=0.0599 avg=0.1165 ETA ~104m 51s (ETA UTC 15:46:55)
Epoch 4 [4600/10500] loss=0.1867 avg=0.1164 ETA ~101m 34s (ETA UTC 15:47:04)
Epoch 4 [4800/10500] loss=0.0848 avg=0.1165 ETA ~98m 9s (ETA UTC 15:47:05)
Epoch 4 [5000/10500] loss=0.1037 avg=0.1165 ETA ~94m 32s (ETA UTC 15:46:55)
Saved mid-epoch checkpoint: /home/Yash/Code/tracking_baseline/train/runs/frcnn/model_epoch4_step5000.pth
Epoch 4 [5200/10500] loss=0.1430 avg=0.1165 ETA ~91m 48s (ETA UTC 15:47:39)
Epoch 4 [5400/10500] loss=0.1059 avg=0.1164 ETA ~88m 0s (ETA UTC 15:47:18)
Epoch 4 [5600/10500] loss=0.1494 avg=0.1164 ETA ~84m 27s (ETA UTC 15:47:11)
Epoch 4 [5800/10500] loss=0.0900 avg=0.1163 ETA ~80m 56s (ETA UTC 15:47:08)
Epoch 4 [6000/10500] loss=0.1348 avg=0.1164 ETA ~77m 30s (ETA UTC 15:47:08)
Saved mid-epoch checkpoint: /home/Yash/Code/tracking_baseline/train/runs/frcnn/model_epoch4_step6000.pth
Epoch 4 [6200/10500] loss=0.1434 avg=0.1164 ETA ~74m 23s (ETA UTC 15:47:29)
Epoch 4 [6400/10500] loss=0.1112 avg=0.1164 ETA ~70m 34s (ETA UTC 15:47:06)
Epoch 4 [6600/10500] loss=0.1230 avg=0.1164 ETA ~67m 9s (ETA UTC 15:47:07)
Epoch 4 [6800/10500] loss=0.0948 avg=0.1163 ETA ~63m 40s (ETA UTC 15:47:06)
Epoch 4 [7000/10500] loss=0.1330 avg=0.1164 ETA ~60m 17s (ETA UTC 15:47:09)
Saved mid-epoch checkpoint: /home/Yash/Code/tracking_baseline/train/runs/frcnn/model_epoch4_step7000.pth
Epoch 4 [7200/10500] loss=0.1396 avg=0.1163 ETA ~57m 3s (ETA UTC 15:47:23)
Epoch 4 [7400/10500] loss=0.1001 avg=0.1164 ETA ~53m 27s (ETA UTC 15:47:13)
Epoch 4 [7600/10500] loss=0.1033 avg=0.1163 ETA ~49m 56s (ETA UTC 15:47:10)
Epoch 4 [7800/10500] loss=0.1560 avg=0.1162 ETA ~46m 29s (ETA UTC 15:47:09)
Epoch 4 [8000/10500] loss=0.1131 avg=0.1161 ETA ~43m 2s (ETA UTC 15:47:08)
Saved mid-epoch checkpoint: /home/Yash/Code/tracking_baseline/train/runs/frcnn/model_epoch4_step8000.pth
Epoch 4 [8200/10500] loss=0.1007 avg=0.1160 ETA ~39m 51s (ETA UTC 15:47:25)
Epoch 4 [8400/10500] loss=0.1486 avg=0.1159 ETA ~36m 18s (ETA UTC 15:47:20)
Epoch 4 [8600/10500] loss=0.1399 avg=0.1159 ETA ~32m 48s (ETA UTC 15:47:17)
Epoch 4 [8800/10500] loss=0.1244 avg=0.1159 ETA ~29m 21s (ETA UTC 15:47:18)
Epoch 4 [9000/10500] loss=0.0688 avg=0.1159 ETA ~25m 52s (ETA UTC 15:47:15)
Saved mid-epoch checkpoint: /home/Yash/Code/tracking_baseline/train/runs/frcnn/model_epoch4_step9000.pth
Epoch 4 [9200/10500] loss=0.0942 avg=0.1158 ETA ~22m 27s (ETA UTC 15:47:18)
Epoch 4 [9400/10500] loss=0.0967 avg=0.1157 ETA ~18m 55s (ETA UTC 15:47:12)
Epoch 4 [9600/10500] loss=0.0910 avg=0.1156 ETA ~15m 31s (ETA UTC 15:47:14)
Epoch 4 [9800/10500] loss=0.1181 avg=0.1155 ETA ~12m 3s (ETA UTC 15:47:14)
Epoch 4 [10000/10500] loss=0.0536 avg=0.1155 ETA ~8m 37s (ETA UTC 15:47:14)
Saved mid-epoch checkpoint: /home/Yash/Code/tracking_baseline/train/runs/frcnn/model_epoch4_step10000.pth
Epoch 4 [10200/10500] loss=0.1296 avg=0.1155 ETA ~5m 11s (ETA UTC 15:47:16)
Epoch 4 [10400/10500] loss=0.1400 avg=0.1154 ETA ~1m 43s (ETA UTC 15:47:14)
Epoch 4 done in 10860.6s; avg loss 0.1155
Saved checkpoint: /home/Yash/Code/tracking_baseline/train/runs/frcnn/model_epoch4.pth
Epoch 5 [1/10500] loss=0.1296 avg=0.1296 ETA ~192m 6s (ETA UTC 18:59:23)
Epoch 5 [2/10500] loss=0.0718 avg=0.1007 ETA ~90m 16s (ETA UTC 17:17:34)
Epoch 5 [3/10500] loss=0.1429 avg=0.1148 ETA ~60m 19s (ETA UTC 16:47:38)
Epoch 5 [4/10500] loss=0.1262 avg=0.1176 ETA ~45m 16s (ETA UTC 16:32:36)
Epoch 5 [5/10500] loss=0.0810 avg=0.1103 ETA ~36m 2s (ETA UTC 16:23:23)
Epoch 5 [6/10500] loss=0.0998 avg=0.1086 ETA ~30m 4s (ETA UTC 16:17:26)
Epoch 5 [7/10500] loss=0.1031 avg=0.1078 ETA ~25m 51s (ETA UTC 16:13:14)
Epoch 5 [8/10500] loss=0.1313 avg=0.1107 ETA ~22m 32s (ETA UTC 16:09:56)
Epoch 5 [9/10500] loss=0.0886 avg=0.1083 ETA ~20m 9s (ETA UTC 16:07:34)
Epoch 5 [10/10500] loss=0.0908 avg=0.1065 ETA ~18m 10s (ETA UTC 16:05:36)
Epoch 5 [200/10500] loss=0.1142 avg=0.1101 ETA ~169m 4s (ETA UTC 18:39:47)
Epoch 5 [400/10500] loss=0.1078 avg=0.1077 ETA ~174m 6s (ETA UTC 18:48:16)
Epoch 5 [600/10500] loss=0.1117 avg=0.1087 ETA ~170m 31s (ETA UTC 18:48:08)
Epoch 5 [800/10500] loss=0.0862 avg=0.1088 ETA ~167m 8s (ETA UTC 18:48:12)
Epoch 5 [1000/10500] loss=0.1058 avg=0.1090 ETA ~163m 47s (ETA UTC 18:48:17)
Saved mid-epoch checkpoint: /home/Yash/Code/tracking_baseline/train/runs/frcnn/model_epoch5_step1000.pth
Epoch 5 [1200/10500] loss=0.0918 avg=0.1092 ETA ~160m 45s (ETA UTC 18:48:43)
Epoch 5 [1400/10500] loss=0.1088 avg=0.1093 ETA ~157m 5s (ETA UTC 18:48:31)
Epoch 5 [1600/10500] loss=0.1417 avg=0.1095 ETA ~153m 26s (ETA UTC 18:48:18)
Epoch 5 [1800/10500] loss=0.0835 avg=0.1099 ETA ~150m 6s (ETA UTC 18:48:25)
Epoch 5 [2000/10500] loss=0.1176 avg=0.1096 ETA ~146m 41s (ETA UTC 18:48:27)
Saved mid-epoch checkpoint: /home/Yash/Code/tracking_baseline/train/runs/frcnn/model_epoch5_step2000.pth
Epoch 5 [2200/10500] loss=0.1374 avg=0.1102 ETA ~143m 27s (ETA UTC 18:48:41)
Epoch 5 [2400/10500] loss=0.0684 avg=0.1106 ETA ~139m 40s (ETA UTC 18:48:21)
Epoch 5 [2600/10500] loss=0.1124 avg=0.1106 ETA ~136m 13s (ETA UTC 18:48:21)
Epoch 5 [2800/10500] loss=0.0552 avg=0.1105 ETA ~132m 47s (ETA UTC 18:48:21)
Epoch 5 [3000/10500] loss=0.0663 avg=0.1102 ETA ~129m 24s (ETA UTC 18:48:25)
Saved mid-epoch checkpoint: /home/Yash/Code/tracking_baseline/train/runs/frcnn/model_epoch5_step3000.pth
Epoch 5 [3200/10500] loss=0.0871 avg=0.1100 ETA ~126m 26s (ETA UTC 18:48:55)
Epoch 5 [3400/10500] loss=0.1127 avg=0.1102 ETA ~122m 30s (ETA UTC 18:48:27)
Epoch 5 [3600/10500] loss=0.0395 avg=0.1102 ETA ~119m 5s (ETA UTC 18:48:28)
Epoch 5 [3800/10500] loss=0.1459 avg=0.1102 ETA ~115m 36s (ETA UTC 18:48:27)
Epoch 5 [4000/10500] loss=0.1677 avg=0.1102 ETA ~111m 48s (ETA UTC 18:48:05)
Saved mid-epoch checkpoint: /home/Yash/Code/tracking_baseline/train/runs/frcnn/model_epoch5_step4000.pth
Epoch 5 [4200/10500] loss=0.0748 avg=0.1101 ETA ~109m 19s (ETA UTC 18:49:04)
Epoch 5 [4400/10500] loss=0.1015 avg=0.1100 ETA ~105m 15s (ETA UTC 18:48:27)
Epoch 5 [4600/10500] loss=0.1655 avg=0.1099 ETA ~101m 54s (ETA UTC 18:48:33)
Epoch 5 [4800/10500] loss=0.0669 avg=0.1099 ETA ~98m 19s (ETA UTC 18:48:26)
Epoch 5 [5000/10500] loss=0.0771 avg=0.1099 ETA ~94m 57s (ETA UTC 18:48:31)
Saved mid-epoch checkpoint: /home/Yash/Code/tracking_baseline/train/runs/frcnn/model_epoch5_step5000.pth
Epoch 5 [5200/10500] loss=0.1108 avg=0.1100 ETA ~91m 46s (ETA UTC 18:48:48)
Epoch 5 [5400/10500] loss=0.0974 avg=0.1100 ETA ~88m 0s (ETA UTC 18:48:29)
Epoch 5 [5600/10500] loss=0.1266 avg=0.1099 ETA ~84m 45s (ETA UTC 18:48:41)
Epoch 5 [5800/10500] loss=0.1869 avg=0.1099 ETA ~81m 8s (ETA UTC 18:48:31)
Epoch 5 [6000/10500] loss=0.0986 avg=0.1100 ETA ~77m 45s (ETA UTC 18:48:36)
Saved mid-epoch checkpoint: /home/Yash/Code/tracking_baseline/train/runs/frcnn/model_epoch5_step6000.pth
Epoch 5 [6200/10500] loss=0.1022 avg=0.1099 ETA ~74m 37s (ETA UTC 18:48:56)
Epoch 5 [6400/10500] loss=0.1084 avg=0.1100 ETA ~70m 53s (ETA UTC 18:48:39)
Epoch 5 [6600/10500] loss=0.0773 avg=0.1100 ETA ~67m 23s (ETA UTC 18:48:37)
Epoch 5 [6800/10500] loss=0.1032 avg=0.1101 ETA ~63m 57s (ETA UTC 18:48:38)
Epoch 5 [7000/10500] loss=0.0659 avg=0.1100 ETA ~60m 32s (ETA UTC 18:48:41)
Saved mid-epoch checkpoint: /home/Yash/Code/tracking_baseline/train/runs/frcnn/model_epoch5_step7000.pth
Epoch 5 [7200/10500] loss=0.1098 avg=0.1100 ETA ~57m 2s (ETA UTC 18:48:38)
Epoch 5 [7400/10500] loss=0.1083 avg=0.1100 ETA ~53m 27s (ETA UTC 18:48:30)
Epoch 5 [7600/10500] loss=0.0854 avg=0.1100 ETA ~50m 3s (ETA UTC 18:48:33)
Epoch 5 [7800/10500] loss=0.1099 avg=0.1099 ETA ~46m 39s (ETA UTC 18:48:36)
Epoch 5 [8000/10500] loss=0.1071 avg=0.1098 ETA ~43m 8s (ETA UTC 18:48:33)
Saved mid-epoch checkpoint: /home/Yash/Code/tracking_baseline/train/runs/frcnn/model_epoch5_step8000.pth
Epoch 5 [8200/10500] loss=0.0951 avg=0.1098 ETA ~39m 52s (ETA UTC 18:48:45)
Epoch 5 [8400/10500] loss=0.1412 avg=0.1097 ETA ~36m 12s (ETA UTC 18:48:32)
Epoch 5 [8600/10500] loss=0.0672 avg=0.1097 ETA ~32m 47s (ETA UTC 18:48:34)
Epoch 5 [8800/10500] loss=0.1128 avg=0.1098 ETA ~29m 20s (ETA UTC 18:48:34)
Epoch 5 [9000/10500] loss=0.0754 avg=0.1097 ETA ~25m 53s (ETA UTC 18:48:34)
Saved mid-epoch checkpoint: /home/Yash/Code/tracking_baseline/train/runs/frcnn/model_epoch5_step9000.pth
Epoch 5 [9200/10500] loss=0.1096 avg=0.1097 ETA ~22m 33s (ETA UTC 18:48:42)
Epoch 5 [9400/10500] loss=0.0626 avg=0.1097 ETA ~18m 58s (ETA UTC 18:48:34)
Epoch 5 [9600/10500] loss=0.0739 avg=0.1096 ETA ~15m 32s (ETA UTC 18:48:35)
Epoch 5 [9800/10500] loss=0.1146 avg=0.1097 ETA ~12m 5s (ETA UTC 18:48:36)
Epoch 5 [10000/10500] loss=0.0794 avg=0.1097 ETA ~8m 37s (ETA UTC 18:48:35)
Saved mid-epoch checkpoint: /home/Yash/Code/tracking_baseline/train/runs/frcnn/model_epoch5_step10000.pth
Epoch 5 [10200/10500] loss=0.0918 avg=0.1097 ETA ~5m 12s (ETA UTC 18:48:38)
Epoch 5 [10400/10500] loss=0.1460 avg=0.1097 ETA ~1m 43s (ETA UTC 18:48:37)
Epoch 5 done in 10881.6s; avg loss 0.1097
Saved checkpoint: /home/Yash/Code/tracking_baseline/train/runs/frcnn/model_epoch5.pth
Epoch 6 [1/10500] loss=0.1470 avg=0.1470 ETA ~172m 10s (ETA UTC 21:40:50)
Epoch 6 [2/10500] loss=0.1090 avg=0.1280 ETA ~90m 9s (ETA UTC 20:18:49)
Epoch 6 [3/10500] loss=0.0961 avg=0.1174 ETA ~60m 43s (ETA UTC 19:49:25)
Epoch 6 [4/10500] loss=0.0835 avg=0.1089 ETA ~45m 9s (ETA UTC 19:33:52)
Epoch 6 [5/10500] loss=0.1037 avg=0.1079 ETA ~36m 21s (ETA UTC 19:25:05)
Epoch 6 [6/10500] loss=0.1561 avg=0.1159 ETA ~30m 7s (ETA UTC 19:18:52)
Epoch 6 [7/10500] loss=0.0647 avg=0.1086 ETA ~25m 49s (ETA UTC 19:14:35)
Epoch 6 [8/10500] loss=0.0952 avg=0.1069 ETA ~22m 33s (ETA UTC 19:11:20)
Epoch 6 [9/10500] loss=0.0780 avg=0.1037 ETA ~20m 8s (ETA UTC 19:08:55)
Epoch 6 [10/10500] loss=0.1314 avg=0.1065 ETA ~18m 12s (ETA UTC 19:07:01)
Epoch 6 [200/10500] loss=0.0774 avg=0.1078 ETA ~169m 48s (ETA UTC 21:41:54)
Epoch 6 [400/10500] loss=0.0923 avg=0.1101 ETA ~174m 59s (ETA UTC 21:50:33)
Epoch 6 [600/10500] loss=0.1664 avg=0.1114 ETA ~171m 32s (ETA UTC 21:50:35)
Epoch 6 [800/10500] loss=0.1025 avg=0.1112 ETA ~167m 57s (ETA UTC 21:50:27)
Epoch 6 [1000/10500] loss=0.0867 avg=0.1098 ETA ~164m 21s (ETA UTC 21:50:19)
Saved mid-epoch checkpoint: /home/Yash/Code/tracking_baseline/train/runs/frcnn/model_epoch6_step1000.pth
Epoch 6 [1200/10500] loss=0.0579 avg=0.1096 ETA ~161m 34s (ETA UTC 21:51:00)
Epoch 6 [1400/10500] loss=0.0752 avg=0.1096 ETA ~158m 1s (ETA UTC 21:50:56)
Epoch 6 [1600/10500] loss=0.1764 avg=0.1094 ETA ~154m 33s (ETA UTC 21:50:56)
Epoch 6 [1800/10500] loss=0.1578 avg=0.1092 ETA ~150m 50s (ETA UTC 21:50:41)
Epoch 6 [2000/10500] loss=0.0845 avg=0.1090 ETA ~147m 7s (ETA UTC 21:50:26)
Saved mid-epoch checkpoint: /home/Yash/Code/tracking_baseline/train/runs/frcnn/model_epoch6_step2000.pth
Epoch 6 [2200/10500] loss=0.1476 avg=0.1092 ETA ~144m 31s (ETA UTC 21:51:19)
Epoch 6 [2400/10500] loss=0.1639 avg=0.1094 ETA ~140m 1s (ETA UTC 21:50:17)
Epoch 6 [2600/10500] loss=0.1165 avg=0.1096 ETA ~136m 58s (ETA UTC 21:50:42)
Epoch 6 [2800/10500] loss=0.1036 avg=0.1091 ETA ~133m 13s (ETA UTC 21:50:24)
Epoch 6 [3000/10500] loss=0.1020 avg=0.1093 ETA ~130m 4s (ETA UTC 21:50:43)
Saved mid-epoch checkpoint: /home/Yash/Code/tracking_baseline/train/runs/frcnn/model_epoch6_step3000.pth
Epoch 6 [3200/10500] loss=0.0803 avg=0.1095 ETA ~126m 49s (ETA UTC 21:50:57)
Epoch 6 [3400/10500] loss=0.0736 avg=0.1094 ETA ~123m 19s (ETA UTC 21:50:55)
Epoch 6 [3600/10500] loss=0.0810 avg=0.1093 ETA ~119m 45s (ETA UTC 21:50:49)
Epoch 6 [3800/10500] loss=0.2067 avg=0.1092 ETA ~116m 25s (ETA UTC 21:50:57)
Epoch 6 [4000/10500] loss=0.1563 avg=0.1091 ETA ~112m 59s (ETA UTC 21:51:00)
Saved mid-epoch checkpoint: /home/Yash/Code/tracking_baseline/train/runs/frcnn/model_epoch6_step4000.pth
Epoch 6 [4200/10500] loss=0.0710 avg=0.1090 ETA ~110m 2s (ETA UTC 21:51:33)
Epoch 6 [4400/10500] loss=0.1444 avg=0.1088 ETA ~106m 0s (ETA UTC 21:51:00)
Epoch 6 [4600/10500] loss=0.0802 avg=0.1088 ETA ~102m 25s (ETA UTC 21:50:52)
Epoch 6 [4800/10500] loss=0.1236 avg=0.1088 ETA ~99m 6s (ETA UTC 21:51:03)
Epoch 6 [5000/10500] loss=0.1684 avg=0.1088 ETA ~95m 42s (ETA UTC 21:51:07)
Saved mid-epoch checkpoint: /home/Yash/Code/tracking_baseline/train/runs/frcnn/model_epoch6_step5000.pth
Epoch 6 [5200/10500] loss=0.0592 avg=0.1087 ETA ~92m 22s (ETA UTC 21:51:16)
Epoch 6 [5400/10500] loss=0.1160 avg=0.1087 ETA ~88m 22s (ETA UTC 21:50:44)
Epoch 6 [5600/10500] loss=0.0986 avg=0.1088 ETA ~84m 52s (ETA UTC 21:50:42)
Epoch 6 [5800/10500] loss=0.1091 avg=0.1089 ETA ~81m 20s (ETA UTC 21:50:38)
Epoch 6 [6000/10500] loss=0.1564 avg=0.1088 ETA ~77m 35s (ETA UTC 21:50:20)
Saved mid-epoch checkpoint: /home/Yash/Code/tracking_baseline/train/runs/frcnn/model_epoch6_step6000.pth
Epoch 6 [6200/10500] loss=0.1366 avg=0.1088 ETA ~74m 38s (ETA UTC 21:50:51)
Epoch 6 [6400/10500] loss=0.1053 avg=0.1089 ETA ~71m 12s (ETA UTC 21:50:54)
Epoch 6 [6600/10500] loss=0.1525 avg=0.1089 ETA ~67m 36s (ETA UTC 21:50:46)
Epoch 6 [6800/10500] loss=0.1146 avg=0.1089 ETA ~64m 12s (ETA UTC 21:50:49)
Epoch 6 [7000/10500] loss=0.1387 avg=0.1088 ETA ~60m 40s (ETA UTC 21:50:45)
Saved mid-epoch checkpoint: /home/Yash/Code/tracking_baseline/train/runs/frcnn/model_epoch6_step7000.pth
Epoch 6 [7200/10500] loss=0.1675 avg=0.1088 ETA ~57m 30s (ETA UTC 21:51:05)
Epoch 6 [7400/10500] loss=0.1238 avg=0.1088 ETA ~53m 50s (ETA UTC 21:50:53)
Epoch 6 [7600/10500] loss=0.0730 avg=0.1088 ETA ~50m 15s (ETA UTC 21:50:47)
Epoch 6 [7800/10500] loss=0.1128 avg=0.1087 ETA ~46m 28s (ETA UTC 21:50:26)
Epoch 6 [8000/10500] loss=0.0791 avg=0.1087 ETA ~43m 20s (ETA UTC 21:50:46)
Saved mid-epoch checkpoint: /home/Yash/Code/tracking_baseline/train/runs/frcnn/model_epoch6_step8000.pth
Epoch 6 [8200/10500] loss=0.0819 avg=0.1087 ETA ~39m 54s (ETA UTC 21:50:48)
Epoch 6 [8400/10500] loss=0.0786 avg=0.1087 ETA ~36m 14s (ETA UTC 21:50:35)
Epoch 6 [8600/10500] loss=0.1018 avg=0.1087 ETA ~32m 50s (ETA UTC 21:50:39)
Epoch 6 [8800/10500] loss=0.1147 avg=0.1087 ETA ~29m 24s (ETA UTC 21:50:41)
Epoch 6 [9000/10500] loss=0.0835 avg=0.1086 ETA ~25m 57s (ETA UTC 21:50:41)
Saved mid-epoch checkpoint: /home/Yash/Code/tracking_baseline/train/runs/frcnn/model_epoch6_step9000.pth
Epoch 6 [9200/10500] loss=0.0863 avg=0.1086 ETA ~22m 39s (ETA UTC 21:50:52)
Epoch 6 [9400/10500] loss=0.0751 avg=0.1086 ETA ~19m 6s (ETA UTC 21:50:48)
Epoch 6 [9600/10500] loss=0.0995 avg=0.1087 ETA ~15m 37s (ETA UTC 21:50:47)
Epoch 6 [9800/10500] loss=0.1251 avg=0.1088 ETA ~12m 8s (ETA UTC 21:50:46)
Epoch 6 [10000/10500] loss=0.0950 avg=0.1089 ETA ~8m 40s (ETA UTC 21:50:46)
Saved mid-epoch checkpoint: /home/Yash/Code/tracking_baseline/train/runs/frcnn/model_epoch6_step10000.pth
Epoch 6 [10200/10500] loss=0.0705 avg=0.1089 ETA ~5m 12s (ETA UTC 21:50:46)
Epoch 6 [10400/10500] loss=0.0998 avg=0.1090 ETA ~1m 44s (ETA UTC 21:50:47)
Epoch 6 done in 10928.7s; avg loss 0.1090
Saved checkpoint: /home/Yash/Code/tracking_baseline/train/runs/frcnn/model_epoch6.pth
Training complete.
